[2026-01-01 18:14:46] INFO - ==================================================
[2026-01-01 18:14:46] INFO - APPLICATION STARTED
[2026-01-01 18:14:46] INFO - ==================================================
[2026-01-01 18:14:51] INFO - APPLICATION EXITED
[2026-01-01 18:14:51] INFO - --------------------------------------------------
[2026-01-01 18:40:48] INFO - ==================================================
[2026-01-01 18:40:48] INFO - APPLICATION STARTED
[2026-01-01 18:40:48] INFO - ==================================================
[2026-01-01 18:41:30] INFO - FIRST TIME SETUP: Master password created successfully
[2026-01-01 18:42:13] INFO - ADD ITEM: New account added for 'learning.if.polibatam'
[2026-01-01 18:42:27] INFO - APPLICATION EXITED
[2026-01-01 18:42:27] INFO - --------------------------------------------------
[2026-01-01 18:42:47] INFO - ==================================================
[2026-01-01 18:42:47] INFO - APPLICATION STARTED
[2026-01-01 18:42:47] INFO - ==================================================
[2026-01-01 18:42:52] INFO - LOGIN: User logged in successfully
[2026-01-01 18:43:32] INFO - APPLICATION EXITED
[2026-01-01 18:43:32] INFO - --------------------------------------------------
[2026-01-01 18:43:56] INFO - ==================================================
[2026-01-01 18:43:56] INFO - APPLICATION STARTED
[2026-01-01 18:43:56] INFO - ==================================================
[2026-01-01 18:44:05] INFO - LOGIN: User logged in successfully
[2026-01-01 18:44:17] INFO - APPLICATION EXITED
[2026-01-01 18:44:17] INFO - --------------------------------------------------
[2026-01-01 19:54:44] INFO - ==================================================
[2026-01-01 19:54:44] INFO - APPLICATION STARTED
[2026-01-01 19:54:44] INFO - ==================================================
[2026-01-01 19:55:41] INFO - FIRST TIME SETUP: Master password created successfully
[2026-01-01 19:56:27] INFO - ADD ITEM: New account added for 'learning.if.polibatam'
[2026-01-01 19:56:45] INFO - VIEW ITEM: Viewed details for 'learning.if.polibatam'
[2026-01-01 19:57:02] INFO - APPLICATION EXITED
[2026-01-01 19:57:02] INFO - --------------------------------------------------
[2026-01-01 20:00:19] INFO - ==================================================
[2026-01-01 20:00:19] INFO - APPLICATION STARTED
[2026-01-01 20:00:19] INFO - ==================================================
[2026-01-01 20:00:42] WARNING - LOGIN: Failed login attempt
[2026-01-01 20:00:42] INFO - APPLICATION EXITED
[2026-01-01 20:00:42] INFO - --------------------------------------------------
[2026-01-01 20:00:44] INFO - ==================================================
[2026-01-01 20:00:44] INFO - APPLICATION STARTED
[2026-01-01 20:00:44] INFO - ==================================================
[2026-01-01 20:00:49] INFO - LOGIN: User logged in successfully
[2026-01-01 20:00:52] INFO - VIEW ITEM: Viewed details for 'learning.if.polibatam'
[2026-01-01 20:01:05] INFO - COPY PASSWORD: Password copied for 'learning.if.polibatam'
[2026-01-01 20:01:12] INFO - APPLICATION EXITED
[2026-01-01 20:01:12] INFO - --------------------------------------------------
[2026-01-02 18:47:08] INFO - ==================================================
[2026-01-02 18:47:08] INFO - APPLICATION STARTED
[2026-01-02 18:47:08] INFO - ==================================================
[2026-01-02 18:47:14] INFO - LOGIN: User logged in successfully
